// Jest Snapshot v1, https://goo.gl/fbAQLP

exports[`tests component <Card /> should render component 1`] = `<div />`;
