// Jest Snapshot v1, https://goo.gl/fbAQLP

exports[`test component <Histories /> should render component correctly 1`] = `
<div>
  <div
    class="flex flex-col basis-1 md:basis-1/3 scroll-smooth"
  />
</div>
`;
