// Jest Snapshot v1, https://goo.gl/fbAQLP

exports[`Test component <HomeLayout /> Component should be match with snapshot 1`] = `<div />`;
