// Jest Snapshot v1, https://goo.gl/fbAQLP

exports[`test on <LoadingSpinner /> should match to Snapshot 1`] = `
<div>
  <div
    class="spinner-container"
  >
    <div
      class="border-team-green"
    >
      <img
        alt="logo team"
        class="md:w-96 md:h-96 sm:w-48 sm:h-48"
        src=""
      />
    </div>
    <div
      class="flex justify-center"
    >
      <div
        class="loading-spinner "
      />
    </div>
  </div>
</div>
`;
